
> quotation-manager-refactor@3.1.0 test:all
> npm test && npm run build && npm run test:browser && npm run test:icons && npm run test:custom && npm run test:enhanced && npm run test:polish


> quotation-manager-refactor@3.1.0 test
> node --test tests/*.test.cjs

TAP version 13
# Subtest: 核心模块提供明确接口
ok 1 - 核心模块提供明确接口
  ---
  duration_ms: 2.044224
  type: 'test'
  ...
# Subtest: 十进制金额精确转换为分
ok 2 - 十进制金额精确转换为分
  ---
  duration_ms: 1.022821
  type: 'test'
  ...
# Subtest: 拒绝非法、负数、超限及多于两位小数金额
ok 3 - 拒绝非法、负数、超限及多于两位小数金额
  ---
  duration_ms: 0.728101
  type: 'test'
  ...
# Subtest: 日期校验不允许不存在的日期
ok 4 - 日期校验不允许不存在的日期
  ---
  duration_ms: 1.73293
  type: 'test'
  ...
# Subtest: 关键词归一化，原数据不变
ok 5 - 关键词归一化，原数据不变
  ---
  duration_ms: 5.087267
  type: 'test'
  ...
# Subtest: 高级筛选：大区、负责人、创建日期闭区间
ok 6 - 高级筛选：大区、负责人、创建日期闭区间
  ---
  duration_ms: 1.275167
  type: 'test'
  ...
# Subtest: 我负责的未结包含草稿和评审，但不含他人和合同
ok 7 - 我负责的未结包含草稿和评审，但不含他人和合同
  ---
  duration_ms: 4.579093
  type: 'test'
  ...
# Subtest: 反向或非法查询日期被拒绝
ok 8 - 反向或非法查询日期被拒绝
  ---
  duration_ms: 0.527453
  type: 'test'
  ...
# Subtest: 排序持续作用于过滤后数据并且不修改源数组
ok 9 - 排序持续作用于过滤后数据并且不修改源数组
  ---
  duration_ms: 3.606716
  type: 'test'
  ...
# Subtest: 分页自动收敛到最后一页，空数据保持第一页
ok 10 - 分页自动收敛到最后一页，空数据保持第一页
  ---
  duration_ms: 1.314286
  type: 'test'
  ...
# Subtest: 冻结列偏移含选择列且累计左右宽度
ok 11 - 冻结列偏移含选择列且累计左右宽度
  ---
  duration_ms: 1.289557
  type: 'test'
  ...
# Subtest: 列设置必须保留编号，未知列不会进入结果
ok 12 - 列设置必须保留编号，未知列不会进入结果
  ---
  duration_ms: 0.722917
  type: 'test'
  ...
# Subtest: CSV 包含 BOM，文本转义并防止公式直接执行
ok 13 - CSV 包含 BOM，文本转义并防止公式直接执行
  ---
  duration_ms: 0.732281
  type: 'test'
  ...
# Subtest: 表单验证不接受空名称和有效期早于创建日期
ok 14 - 表单验证不接受空名称和有效期早于创建日期
  ---
  duration_ms: 1.104803
  type: 'test'
  ...
# Subtest: 原始六条演示记录核心字段保留且金额准确
ok 15 - 原始六条演示记录核心字段保留且金额准确
  ---
  duration_ms: 0.67244
  type: 'test'
  ...
# Subtest: 负数差额格式化保留负号和两位小数
ok 16 - 负数差额格式化保留负号和两位小数
  ---
  duration_ms: 63.406876
  type: 'test'
  ...
# Subtest: 别名与原始字段分离且保留内容/表头样式
ok 17 - 别名与原始字段分离且保留内容/表头样式
  ---
  duration_ms: 5.667651
  type: 'test'
  ...
# Subtest: 不可信颜色、字体及范围被白名单归一化
ok 18 - 不可信颜色、字体及范围被白名单归一化
  ---
  duration_ms: 0.578798
  type: 'test'
  ...
# Subtest: 允许关闭业务列排序，操作列不能启用排序
ok 19 - 允许关闭业务列排序，操作列不能启用排序
  ---
  duration_ms: 1.085126
  type: 'test'
  ...
# Subtest: 旧单字段排序迁移为排序数组
ok 20 - 旧单字段排序迁移为排序数组
  ---
  duration_ms: 3.3542
  type: 'test'
  ...
# Subtest: 显式清空新排序不恢复过期单排序
ok 21 - 显式清空新排序不恢复过期单排序
  ---
  duration_ms: 0.900657
  type: 'test'
  ...
# Subtest: 多字段排序稳定且空值始终最后
ok 22 - 多字段排序稳定且空值始终最后
  ---
  duration_ms: 19.063525
  type: 'test'
  ...
# Subtest: 关闭列排序会清除视图中该字段规则且去重
ok 23 - 关闭列排序会清除视图中该字段规则且去重
  ---
  duration_ms: 0.605899
  type: 'test'
  ...
# Subtest: 空值占位符不会吞掉零金额
ok 24 - 空值占位符不会吞掉零金额
  ---
  duration_ms: 30.743271
  type: 'test'
  ...
# Subtest: 金额显示四舍五入与小数位控制
ok 25 - 金额显示四舍五入与小数位控制
  ---
  duration_ms: 1.075303
  type: 'test'
  ...
# Subtest: 日期格式仅影响显示
ok 26 - 日期格式仅影响显示
  ---
  duration_ms: 0.915263
  type: 'test'
  ...
# Subtest: 操作设置过滤未知操作且危险操作名称不可伪装
ok 27 - 操作设置过滤未知操作且危险操作名称不可伪装
  ---
  duration_ms: 0.521983
  type: 'test'
  ...
# Subtest: 默认行内查看修改，其余进入更多，导出含两个子按钮
ok 28 - 默认行内查看修改，其余进入更多，导出含两个子按钮
  ---
  duration_ms: 0.280242
  type: 'test'
  ...
# Subtest: 重复或空白列名在应用时拒绝
ok 29 - 重复或空白列名在应用时拒绝
  ---
  duration_ms: 3.981654
  type: 'test'
  ...
# Subtest: 样式配置完整进入视图快照与比较键
ok 30 - 样式配置完整进入视图快照与比较键
  ---
  duration_ms: 6.396713
  type: 'test'
  ...
# Subtest: 对比度计算准确
ok 31 - 对比度计算准确
  ---
  duration_ms: 0.52407
  type: 'test'
  ...
# Subtest: 设置备份不包含报价数据且拒绝其他业务备份
ok 32 - 设置备份不包含报价数据且拒绝其他业务备份
  ---
  duration_ms: 3.722157
  type: 'test'
  ...
# Subtest: 颜色手动输入错误时拒绝应用，空颜色仍可继承默认
ok 33 - 颜色手动输入错误时拒绝应用，空颜色仍可继承默认
  ---
  duration_ms: 0.825524
  type: 'test'
  ...
# Subtest: 体验摘要：不修改原快照，不改变业务键
ok 34 - 体验摘要：不修改原快照，不改变业务键
  ---
  duration_ms: 12.085533
  type: 'test'
  ...
# Subtest: 体验摘要：无变化不产生待保存项目
ok 35 - 体验摘要：无变化不产生待保存项目
  ---
  duration_ms: 7.845407
  type: 'test'
  ...
# Subtest: 体验摘要：工具栏和外观归入各自分类
ok 36 - 体验摘要：工具栏和外观归入各自分类
  ---
  duration_ms: 2.108921
  type: 'test'
  ...
# Subtest: 体验摘要：隐藏列样式仍被追踪而不清除
ok 37 - 体验摘要：隐藏列样式仍被追踪而不清除
  ---
  duration_ms: 1.896062
  type: 'test'
  ...
# Subtest: 体验摘要：映射和模板各有准确定位分区
ok 38 - 体验摘要：映射和模板各有准确定位分区
  ---
  duration_ms: 1.537783
  type: 'test'
  ...
# Subtest: 规则摘要：旧金额格式保持旧小数与千分位
ok 39 - 规则摘要：旧金额格式保持旧小数与千分位
  ---
  duration_ms: 1.038051
  type: 'test'
  ...
# Subtest: 规则摘要：百分比明确指出比例值与百分数
ok 40 - 规则摘要：百分比明确指出比例值与百分数
  ---
  duration_ms: 0.549411
  type: 'test'
  ...
# Subtest: 规则摘要：关闭筛选不会声称顶部查询已关闭
ok 41 - 规则摘要：关闭筛选不会声称顶部查询已关闭
  ---
  duration_ms: 0.393255
  type: 'test'
  ...
# Subtest: 工具栏空名称被阻止，已有正常名称可原样应用
ok 42 - 工具栏空名称被阻止，已有正常名称可原样应用
  ---
  duration_ms: 5.132352
  type: 'test'
  ...
# Subtest: 默认辅助文字配色在白色背景达到4.5对比度
ok 43 - 默认辅助文字配色在白色背景达到4.5对比度
  ---
  duration_ms: 1.588579
  type: 'test'
  ...
# Subtest: 导出字段只含业务白名单并保持选定顺序
ok 44 - 导出字段只含业务白名单并保持选定顺序
  ---
  duration_ms: 3.002801
  type: 'test'
  ...
# Subtest: XLSX 为真实 OOXML 包，金额数值、编号文本、日期序列
ok 45 - XLSX 为真实 OOXML 包，金额数值、编号文本、日期序列
  ---
  duration_ms: 15.644803
  type: 'test'
  ...
# Subtest: Excel 表头支持别名，样式保持对齐字体
ok 46 - Excel 表头支持别名，样式保持对齐字体
  ---
  duration_ms: 1.038323
  type: 'test'
  ...
# Subtest: 用户字符串保持文本，CSV 防公式注入
ok 47 - 用户字符串保持文本，CSV 防公式注入
  ---
  duration_ms: 7.267845
  type: 'test'
  ...
# Subtest: 固定模板不受别名影响且示例单独放置
ok 48 - 固定模板不受别名影响且示例单独放置
  ---
  duration_ms: 18.949201
  type: 'test'
  ...
# Subtest: 空模板没有示例报价，保留说明和校验
ok 49 - 空模板没有示例报价，保留说明和校验
  ---
  duration_ms: 5.908373
  type: 'test'
  ...
# Subtest: 金额合计使用 SUM 和准确缓存，条件单独工作表
ok 50 - 金额合计使用 SUM 和准确缓存，条件单独工作表
  ---
  duration_ms: 42.159344
  type: 'test'
  ...
# Subtest: 大额总数超过精度阈值使用精确文本
ok 51 - 大额总数超过精度阈值使用精确文本
  ---
  duration_ms: 7.099763
  type: 'test'
  ...
# Subtest: OOXML 文本转义且保护 Excel 字符串转义序列
ok 52 - OOXML 文本转义且保护 Excel 字符串转义序列
  ---
  duration_ms: 3.829035
  type: 'test'
  ...
# Subtest: 日期在 1900 年边界采用 Excel 日期系统
ok 53 - 日期在 1900 年边界采用 Excel 日期系统
  ---
  duration_ms: 0.953207
  type: 'test'
  ...
# Subtest: 零字段拒绝，未知导出方案字段过滤
ok 54 - 零字段拒绝，未知导出方案字段过滤
  ---
  duration_ms: 1.338793
  type: 'test'
  ...
# Subtest: 下载样本写入供独立 ZIP/XML 和工作簿导入核验
ok 55 - 下载样本写入供独立 ZIP/XML 和工作簿导入核验
  ---
  duration_ms: 25.033253
  type: 'test'
  ...
# Subtest: 非法 XML 字符清理，不损坏中文与表情
ok 56 - 非法 XML 字符清理，不损坏中文与表情
  ---
  duration_ms: 0.941192
  type: 'test'
  ...
# Subtest: 映射支持显示、原编码及并列导出，不改原始状态
ok 57 - 映射支持显示、原编码及并列导出，不改原始状态
  ---
  duration_ms: 1.123037
  type: 'test'
  ...
# Subtest: 百分数基数导出为 Excel 比例数字并保留百分号格式
ok 58 - 百分数基数导出为 Excel 比例数字并保留百分号格式
  ---
  duration_ms: 1.342771
  type: 'test'
  ...
# Subtest: 缩放金额导出合计按同一单位计算，百分比不自动求和
ok 59 - 缩放金额导出合计按同一单位计算，百分比不自动求和
  ---
  duration_ms: 0.555922
  type: 'test'
  ...
# Subtest: 仓库接口已实现
ok 60 - 仓库接口已实现
  ---
  duration_ms: 2.458892
  type: 'test'
  ...
# Subtest: 删除后查询、刷新和重新创建仓库均不会复活
ok 61 - 删除后查询、刷新和重新创建仓库均不会复活
  ---
  duration_ms: 5.407149
  type: 'test'
  ...
# Subtest: 仓库返回副本，列表渲染不能修改原数据
ok 62 - 仓库返回副本，列表渲染不能修改原数据
  ---
  duration_ms: 0.634382
  type: 'test'
  ...
# Subtest: 缓存损坏进入临时模式且不覆盖损坏内容
ok 63 - 缓存损坏进入临时模式且不覆盖损坏内容
  ---
  duration_ms: 0.711724
  type: 'test'
  ...
# Subtest: 写入失败时仓库记录不变
ok 64 - 写入失败时仓库记录不变
  ---
  duration_ms: 0.852931
  type: 'test'
  ...
# Subtest: 其他标签页更新后拒绝使用过期记录覆盖
ok 65 - 其他标签页更新后拒绝使用过期记录覆盖
  ---
  duration_ms: 1.706843
  type: 'test'
  ...
# Subtest: 编辑版本过期时拒绝覆盖
ok 66 - 编辑版本过期时拒绝覆盖
  ---
  duration_ms: 4.618188
  type: 'test'
  ...
# Subtest: 缺少本地存储仍可在当前会话操作
ok 67 - 缺少本地存储仍可在当前会话操作
  ---
  duration_ms: 0.32164
  type: 'test'
  ...
# Subtest: 导入重复编号或非法记录时整批不写入
ok 68 - 导入重复编号或非法记录时整批不写入
  ---
  duration_ms: 1.162687
  type: 'test'
  ...
# Subtest: 首次写入被浏览器拒绝时降级而不是白屏
ok 69 - 首次写入被浏览器拒绝时降级而不是白屏
  ---
  duration_ms: 0.996578
  type: 'test'
  ...
# Subtest: 重新加载时存储已清除且写入失败，保留原仓库快照
ok 70 - 重新加载时存储已清除且写入失败，保留原仓库快照
  ---
  duration_ms: 3.540832
  type: 'test'
  ...
# Subtest: v3 数字格式接口可用
ok 71 - v3 数字格式接口可用
  ---
  duration_ms: 2.30885
  type: 'test'
  ...
# Subtest: 数字固定、最多位数以及千分位
ok 72 - 数字固定、最多位数以及千分位
  ---
  duration_ms: 2.608331
  type: 'test'
  ...
# Subtest: 两种百分比基数明确且无放大百倍
ok 73 - 两种百分比基数明确且无放大百倍
  ---
  duration_ms: 0.481959
  type: 'test'
  ...
# Subtest: 分单位转换、负数舍入、零值不误判为空
ok 74 - 分单位转换、负数舍入、零值不误判为空
  ---
  duration_ms: 0.596391
  type: 'test'
  ...
# Subtest: 缩放只影响显示且支持精确大金额
ok 75 - 缩放只影响显示且支持精确大金额
  ---
  duration_ms: 0.771769
  type: 'test'
  ...
# Subtest: 类型化映射区分数字、文本和前导零
ok 76 - 类型化映射区分数字、文本和前导零
  ---
  duration_ms: 0.670107
  type: 'test'
  ...
# Subtest: 空值与未映射值有独立回退
ok 77 - 空值与未映射值有独立回退
  ---
  duration_ms: 0.428748
  type: 'test'
  ...
# Subtest: 映射重复和数字位数冲突在应用前报错
ok 78 - 映射重复和数字位数冲突在应用前报错
  ---
  duration_ms: 6.341862
  type: 'test'
  ...
# Subtest: 配置归一化保留旧样式并往返新增配置
ok 79 - 配置归一化保留旧样式并往返新增配置
  ---
  duration_ms: 7.267059
  type: 'test'
  ...
# Subtest: 筛选显示标签但始终匹配原值，多选为或
ok 80 - 筛选显示标签但始终匹配原值，多选为或
  ---
  duration_ms: 3.267821
  type: 'test'
  ...
# Subtest: 百分比筛选输入10代表10%而不是比例10
ok 81 - 百分比筛选输入10代表10%而不是比例10
  ---
  duration_ms: 0.768577
  type: 'test'
  ...
# Subtest: 筛选区间先后、无效数值必须报错
ok 82 - 筛选区间先后、无效数值必须报错
  ---
  duration_ms: 0.94853
  type: 'test'
  ...
# Subtest: 富文本白名单去除恶意链接、图片和未知属性
ok 83 - 富文本白名单去除恶意链接、图片和未知属性
  ---
  duration_ms: 0.899288
  type: 'test'
  ...
# Subtest: 模板字段白名单与非递归纯文本展开
ok 84 - 模板字段白名单与非递归纯文本展开
  ---
  duration_ms: 0.248093
  type: 'test'
  ...
# Subtest: 工具栏默认保留原入口且设置不能全部隐藏
ok 85 - 工具栏默认保留原入口且设置不能全部隐藏
  ---
  duration_ms: 0.251216
  type: 'test'
  ...
# Subtest: 备注富文本结构保存而原备注仍为可读文字
ok 86 - 备注富文本结构保存而原备注仍为可读文字
  ---
  duration_ms: 0.648955
  type: 'test'
  ...
# Subtest: 富文本超长拒绝且正文和纯文本不一致不会静默入库
ok 87 - 富文本超长拒绝且正文和纯文本不一致不会静默入库
  ---
  duration_ms: 0.387563
  type: 'test'
  ...
# Subtest: 状态字典顺序参与多字段排序，原始数据不改变
ok 88 - 状态字典顺序参与多字段排序，原始数据不改变
  ---
  duration_ms: 3.692085
  type: 'test'
  ...
# Subtest: 金额精确相等筛选不会被0.29浮点乘法误差漏掉
ok 89 - 金额精确相等筛选不会被0.29浮点乘法误差漏掉
  ---
  duration_ms: 0.328273
  type: 'test'
  ...
# Subtest: 数字筛选保存原单位语义，之后改格式不改变筛选范围
ok 90 - 数字筛选保存原单位语义，之后改格式不改变筛选范围
  ---
  duration_ms: 0.575973
  type: 'test'
  ...
# Subtest: 手动数字筛选项保存原始数值类型并累计完整数据数量
ok 91 - 手动数字筛选项保存原始数值类型并累计完整数据数量
  ---
  duration_ms: 0.587425
  type: 'test'
  ...
# Subtest: 空白启用模板应拒绝，不能意外清空单元格展示
ok 92 - 空白启用模板应拒绝，不能意外清空单元格展示
  ---
  duration_ms: 0.393866
  type: 'test'
  ...
# Subtest: 分组汇总按完整查询结果计算整数分、不生成伪记录
ok 93 - 分组汇总按完整查询结果计算整数分、不生成伪记录
  ---
  duration_ms: 6.814537
  type: 'test'
  ...
# Subtest: 条件标记优先级只影响显示，不改变状态；无效规则不会执行
ok 94 - 条件标记优先级只影响显示，不改变状态；无效规则不会执行
  ---
  duration_ms: 7.969231
  type: 'test'
  ...
# Subtest: 对比只看不同项按原始值而非格式化字符串判断
ok 95 - 对比只看不同项按原始值而非格式化字符串判断
  ---
  duration_ms: 5.383525
  type: 'test'
  ...
1..95
# tests 95
# suites 0
# pass 95
# fail 0
# cancelled 0
# skipped 0
# todo 0
# duration_ms 959.363887

> quotation-manager-refactor@3.1.0 build
> node build.cjs

Generated /mnt/data/quotation-polish/quotation-manager-v3/quotation-manager.html (457909 bytes)

> quotation-manager-refactor@3.1.0 test:browser
> python3 tests/browser_test.py

PASS 01 初始记录、客户选项、汇总与离线资源
PASS 02 关键词需要提交才生效，回车查询且忽略首尾空格
PASS 03 高级筛选真实生效，日期首尾包含
PASS 04 错误日期范围显示错误，不替换已有结果
PASS 05 三态排序在重新查询后仍然生效
PASS 06 新建记录、金额精确、刷新与新文档保留
PASS 07 表单拒绝空项目和三位小数，不写入记录
PASS 08 未保存关闭确认与取消确认不丢失内容
PASS 09 对话框焦点约束与返回新增按钮
PASS 10 修改记录、版本递增、不会生成重复编号
PASS 11 详情可打开，复制得到新编号与草稿
PASS 12 删除在查询、刷新及新文档后不复活
PASS 13 真实分页、页码跳转与每页条数
PASS 14 全选仅当前页，跨页保留，半选计算准确
PASS 15 选择全部结果、批量删除、空态统计无残留
PASS 16 查询空结果清空选择，退出批量模式同样清空
PASS 17 删除最后一页的唯一记录，页码自动回退
PASS 18 列设置取消与点击外部均不应用，编号不可隐藏
PASS 19 列显示持久化、可全部隐藏可选列、可恢复默认
PASS 20 列顺序通过拖动手柄的上下方向键移动
PASS 21 拖动列排序真正生效
PASS 22 多个左右冻结列含选择列，水平滚动不重叠
PASS 23 拖动列宽、键盘调整和双击恢复
PASS 24 密度高亮与持久化、菜单互斥和 Escape 关闭
PASS 25 我的未结视图真正按当前负责人过滤
PASS 26 保存完整视图并设为默认，新文档恢复筛选和行高
PASS 27 未应用条件不能被悄悄保存为视图
PASS 28 视图重命名、重复名称校验、删除不删除报价
PASS 29 视图上下移动与拖动顺序生效
PASS 30 更新当前视图覆盖快照，删除当前视图回退全部
PASS 31 真实 CSV 下载包含 BOM 和全部查询结果
PASS 32 导出选中记录不混入其他记录
PASS 33 项目名称和备注作为文本显示，不执行 HTML
PASS 34 危险公式文本在实际导出中被中和
PASS 35 JSON 备份为实际下载，恢复需确认并整批替换
PASS 36 非法备份与重复编号被拒绝，不更改已有数据
PASS 37 浏览器存储禁用仍可操作，明确提示临时模式
PASS 38 首次存储写入失败不会白屏
PASS 39 损坏缓存保留原内容，切换临时模式
PASS 40 写入失败时抽屉保留内容，仓库数据不变
PASS 41 过期编辑无法覆盖其他页面更新
PASS 42 移动端 390px 无页面横向溢出，表格单独滚动
PASS 43 320px 与平板宽度布局不溢出
PASS 44 隐藏查询后仍展示有效条件，快捷键定位查询
PASS 45 实际页面截图：桌面、详情、列设置和移动端
RESULT 45/45 passed

> quotation-manager-refactor@3.1.0 test:icons
> python3 tests/column_icons_test.py

PASS 每行恰好两个冻结图标，不再存在冻结下拉框
PASS 左右图标采用参考代码中的实心 SVG，而非箭头或文字按钮
PASS 点击左侧冻结，再点击同一图标取消
PASS 点击右侧冻结，再点击同一图标取消
PASS 切换左右方向互斥，只高亮当前方向
PASS 保留上版默认冻结方向：编号在左，操作在右
PASS 未冻结行悬停显示图标；已冻结行离开鼠标后保持显示
PASS 键盘 Tab 可定位冻结按钮，Enter 和空格切换后焦点保留
PASS 确认前不改变表格，确认后实际冻结并保存
PASS 取消、Escape、点击外部都丢弃未确认的冻结修改
PASS 恢复默认只修改草稿：取消不生效，确认才恢复
PASS 列表滚动到底部再切换冻结，不跳回顶部且保留焦点
PASS 冻结按钮不会误触发列勾选；隐藏后重新显示保留草稿冻结方向
PASS 拖动和键盘上下移动列后，冻结方向仍属于原列
PASS 触屏环境图标常显，一次点按切换；保留上下移动入口
PASS 窄屏与短屏面板不溢出，底部确认按钮可见
PASS 列冻结状态可以随视图保存并恢复
PASS 生成更新后列设置面板与完整页面截图
RESULT 18/18 passed

> quotation-manager-refactor@3.1.0 test:custom
> python3 tests/customization_browser_test.py

PASS 完整设置入口和四个设置页
PASS 预览没有空节点字面量，实际操作焦点键唯一
PASS 列名与字体修改仅在预览生效；取消不写入
PASS 独立表头和内容字体、字号、颜色、字重、对齐持久化
PASS 列名为空、重名与颜色格式不合法时保留草稿
PASS 关闭未应用设置先确认，取消确认后保留输入
PASS 金额和日期格式只改变显示，不修改原始数据
PASS 项目客户副标题可隐藏；长文本换行生效
PASS 复制内容入口与手动复制回退均可到达
PASS 批量应用只复制所选列的文字样式
PASS 恢复单列与恢复设置分组不修改其他配置
PASS 快捷面板更多设置沿用未确认的冻结草稿
PASS 表头右键可重命名和冻结，编号字段保持稳定
PASS 多字段排序按优先级作用于全部查询结果
PASS 排序规则可上移删除，关闭列排序会移除已有规则
FAIL 旧版列宽、冻结与单字段排序自动迁移 Locator.click: Timeout 2500ms exceeded.
Call log:
  - waiting for locator("#settings-apply")
    - locator resolved to <button disabled type="button" title="没有待应用的修改" id="settings-apply" class="btn btn-primary">应用</button>
  - attempting click action
    - waiting for element to be visible, enabled and stable
    - element is not enabled
  - retrying click action
    - waiting for element to be visible, enabled and stable
    - element is not stable
  - retrying click action
    - waiting 20ms
    2 × waiting for element to be visible, enabled and stable
      - element is not enabled
    - retrying click action
      - waiting 100ms
    4 × waiting for element to be visible, enabled and stable
      - element is not enabled
    - retrying click action
      - waiting 500ms

PASS 默认行内查看修改，更多含复制、导出子菜单和删除
PASS 操作按钮可更名、隐藏和改为图标加文字
PASS 行内数量、按钮顺序与菜单隐藏持久化
PASS 行内全部收起与窄列自动收起，不发生按钮裁切
PASS 导出子菜单显隐与顺序可设置，危险名称不可改
PASS 二级菜单键盘进入返回，Escape 回到原始按钮
PASS 行菜单挂在表格外，末行菜单不超出视口
PASS 外观开关和序号与冻结偏移协调
PASS 新配置随命名视图保存，切换和重开可完整恢复
PASS 设置备份不含报价，恢复先进入草稿再应用
PASS 报价备份不能当成表格设置备份，非法文件不覆盖
PASS 设置写入失败仍可本页使用，但提示未持久化
PASS 真实 Excel 下载通过 ZIP 校验，保留数值日期与文本类型
PASS 自定义字段与列名、样式、合计和说明写入 Excel
PASS 导出字段可调整顺序，取消全部字段禁止提交
PASS 导出方案保存与重开恢复字段和文件格式
PASS 导出当前页与行内单条导出范围正确
PASS 空白和带示例模板为真实 XLSX，字段不跟随个人别名
PASS 320px、390px 和平板设置可操作且不横向溢出
PASS 设置分类键盘切换，Tab 不离开对话框
PASS 生成桌面、完整设置、操作菜单、导出和移动端截图
PASS 状态字号与字重可调整，但业务状态颜色不被普通颜色覆盖
PASS 滚动表格后操作菜单关闭，不留下脱离行的浮层
PASS 调整导出子菜单顺序在更多菜单中生效
PASS 默认桌面列宽完整显示表头，菜单入口不挤掉列名
