PASS 390px 工具栏名称/位置/形式各有足够宽度且不溢出
PASS 工具栏桌面配置紧凑且有共享列名
PASS 无修改时应用禁用；修改有摘要，取消不覆盖配置
PASS 预览跟随工具栏/列，并保留整表和收起切换
PASS 列设置显示当前编辑对象，批量样式含义明确
PASS 映射显示即时样例且样式可以展开
PASS 富文本工具按语义分组并明确回填作用
PASS 正文副标题对比度达到4.5且双行默认行高不超过64px
PASS 列切换和分类切换分别恢复滚动位置
FAIL 分段对齐键盘切换更新原值，字体支持搜索 Locator.click: Error: strict mode violation: get_by_role("option") resolved to 78 elements:
    1) <option value="">全部客户</option> aka get_by_label("客户", exact=True)
    2) <option value="澄川水务">澄川水务</option> aka get_by_label("客户", exact=True)
    3) <option value="林越科技">林越科技</option> aka get_by_label("客户", exact=True)
    4) <option value="临溪能源">临溪能源</option>
PASS 颜色预设支持回填色值且不覆盖数据
PASS 数字固定/最多分段选项兼容原最少最多小数位
PASS 预览操作菜单只作演示，不写业务数据
PASS 映射错误定位到对应原值输入并保留草稿
PASS 表头鼠标悬停不移动文字位置
PASS 整表预览复用正式密度、字体、内容渲染
PASS 编辑对象标题在长设置滚动后仍可见
PASS 选区混合格式显示混合，点击加粗统一设置，不修改其他文字
PASS 富文本可同时保留下划线和删除线
PASS 富文本普通尺寸与展开模式可切换，回填不直接写记录
PASS 320px全选列和各工具配置仍可访问
RESULT 20 / 21
