
> quotation-manager-refactor@3.0.0 test:browser
> python3 tests/browser_test.py

PASS 01 初始记录、客户选项、汇总与离线资源
PASS 02 关键词需要提交才生效，回车查询且忽略首尾空格
PASS 03 高级筛选真实生效，日期首尾包含
PASS 04 错误日期范围显示错误，不替换已有结果
PASS 05 三态排序在重新查询后仍然生效
PASS 06 新建记录、金额精确、刷新与新文档保留
PASS 07 表单拒绝空项目和三位小数，不写入记录
PASS 08 未保存关闭确认与取消确认不丢失内容
PASS 09 对话框焦点约束与返回新增按钮
PASS 10 修改记录、版本递增、不会生成重复编号
PASS 11 详情可打开，复制得到新编号与草稿
PASS 12 删除在查询、刷新及新文档后不复活
PASS 13 真实分页、页码跳转与每页条数
PASS 14 全选仅当前页，跨页保留，半选计算准确
PASS 15 选择全部结果、批量删除、空态统计无残留
PASS 16 查询空结果清空选择，退出批量模式同样清空
PASS 17 删除最后一页的唯一记录，页码自动回退
PASS 18 列设置取消与点击外部均不应用，编号不可隐藏
PASS 19 列显示持久化、可全部隐藏可选列、可恢复默认
PASS 20 列顺序通过拖动手柄的上下方向键移动
PASS 21 拖动列排序真正生效
PASS 22 多个左右冻结列含选择列，水平滚动不重叠
PASS 23 拖动列宽、键盘调整和双击恢复
PASS 24 密度高亮与持久化、菜单互斥和 Escape 关闭
PASS 25 我的未结视图真正按当前负责人过滤
PASS 26 保存完整视图并设为默认，新文档恢复筛选和行高
PASS 27 未应用条件不能被悄悄保存为视图
PASS 28 视图重命名、重复名称校验、删除不删除报价
PASS 29 视图上下移动与拖动顺序生效
PASS 30 更新当前视图覆盖快照，删除当前视图回退全部
PASS 31 真实 CSV 下载包含 BOM 和全部查询结果
PASS 32 导出选中记录不混入其他记录
PASS 33 项目名称和备注作为文本显示，不执行 HTML
PASS 34 危险公式文本在实际导出中被中和
PASS 35 JSON 备份为实际下载，恢复需确认并整批替换
PASS 36 非法备份与重复编号被拒绝，不更改已有数据
PASS 37 浏览器存储禁用仍可操作，明确提示临时模式
PASS 38 首次存储写入失败不会白屏
PASS 39 损坏缓存保留原内容，切换临时模式
PASS 40 写入失败时抽屉保留内容，仓库数据不变
PASS 41 过期编辑无法覆盖其他页面更新
PASS 42 移动端 390px 无页面横向溢出，表格单独滚动
PASS 43 320px 与平板宽度布局不溢出
PASS 44 隐藏查询后仍展示有效条件，快捷键定位查询
PASS 45 实际页面截图：桌面、详情、列设置和移动端
RESULT 45/45 passed

> quotation-manager-refactor@3.0.0 test:icons
> python3 tests/column_icons_test.py

PASS 每行恰好两个冻结图标，不再存在冻结下拉框
PASS 左右图标采用参考代码中的实心 SVG，而非箭头或文字按钮
PASS 点击左侧冻结，再点击同一图标取消
PASS 点击右侧冻结，再点击同一图标取消
PASS 切换左右方向互斥，只高亮当前方向
PASS 保留上版默认冻结方向：编号在左，操作在右
PASS 未冻结行悬停显示图标；已冻结行离开鼠标后保持显示
PASS 键盘 Tab 可定位冻结按钮，Enter 和空格切换后焦点保留
PASS 确认前不改变表格，确认后实际冻结并保存
PASS 取消、Escape、点击外部都丢弃未确认的冻结修改
PASS 恢复默认只修改草稿：取消不生效，确认才恢复
PASS 列表滚动到底部再切换冻结，不跳回顶部且保留焦点
PASS 冻结按钮不会误触发列勾选；隐藏后重新显示保留草稿冻结方向
PASS 拖动和键盘上下移动列后，冻结方向仍属于原列
PASS 触屏环境图标常显，一次点按切换；保留上下移动入口
PASS 窄屏与短屏面板不溢出，底部确认按钮可见
PASS 列冻结状态可以随视图保存并恢复
PASS 生成更新后列设置面板与完整页面截图
RESULT 18/18 passed

> quotation-manager-refactor@3.0.0 test:custom
> python3 tests/customization_browser_test.py

PASS 完整设置入口和四个设置页
PASS 预览没有空节点字面量，实际操作焦点键唯一
PASS 列名与字体修改仅在预览生效；取消不写入
PASS 独立表头和内容字体、字号、颜色、字重、对齐持久化
PASS 列名为空、重名与颜色格式不合法时保留草稿
PASS 关闭未应用设置先确认，取消确认后保留输入
PASS 金额和日期格式只改变显示，不修改原始数据
PASS 项目客户副标题可隐藏；长文本换行生效
PASS 复制内容入口与手动复制回退均可到达
PASS 批量应用只复制所选列的文字样式
PASS 恢复单列与恢复设置分组不修改其他配置
PASS 快捷面板更多设置沿用未确认的冻结草稿
PASS 表头右键可重命名和冻结，编号字段保持稳定
PASS 多字段排序按优先级作用于全部查询结果
PASS 排序规则可上移删除，关闭列排序会移除已有规则
FAIL 旧版列宽、冻结与单字段排序自动迁移 Page.set_content: Timeout 2500ms exceeded.
Call log:
  - setting frame content, waiting until "load"

PASS 默认行内查看修改，更多含复制、导出子菜单和删除
PASS 操作按钮可更名、隐藏和改为图标加文字
PASS 行内数量、按钮顺序与菜单隐藏持久化
PASS 行内全部收起与窄列自动收起，不发生按钮裁切
PASS 导出子菜单显隐与顺序可设置，危险名称不可改
PASS 二级菜单键盘进入返回，Escape 回到原始按钮
PASS 行菜单挂在表格外，末行菜单不超出视口
PASS 外观开关和序号与冻结偏移协调
PASS 新配置随命名视图保存，切换和重开可完整恢复
PASS 设置备份不含报价，恢复先进入草稿再应用
PASS 报价备份不能当成表格设置备份，非法文件不覆盖
PASS 设置写入失败仍可本页使用，但提示未持久化
PASS 真实 Excel 下载通过 ZIP 校验，保留数值日期与文本类型
PASS 自定义字段与列名、样式、合计和说明写入 Excel
PASS 导出字段可调整顺序，取消全部字段禁止提交
PASS 导出方案保存与重开恢复字段和文件格式
PASS 导出当前页与行内单条导出范围正确
PASS 空白和带示例模板为真实 XLSX，字段不跟随个人别名
PASS 320px、390px 和平板设置可操作且不横向溢出
PASS 设置分类键盘切换，Tab 不离开对话框
PASS 生成桌面、完整设置、操作菜单、导出和移动端截图
PASS 状态字号与字重可调整，但业务状态颜色不被普通颜色覆盖
PASS 滚动表格后操作菜单关闭，不留下脱离行的浮层
PASS 调整导出子菜单顺序在更多菜单中生效
FAIL 默认桌面列宽完整显示表头，菜单入口不挤掉列名 [{'text': '报价编号', 'width': 56, 'needed': 56}, {'text': '项目名称 / 客户', 'width': 96, 'needed': 96}, {'text': '含税金额（元）', 'width': 98, 'needed': 98}, {'text': '状态', 'width': 28, 'needed': 28}, {'text': '负责人', 'width': 40, 'needed': 42}, {'text': '有效期至', 'width': 56, 'needed': 56}]

> quotation-manager-refactor@3.0.0 test:enhanced
> python3 tests/enhancements_browser_test.py

PASS 01 工具栏设置新增分类且保留四个旧分类
PASS 02 列值映射设置和原始状态不变
PASS 03 数字格式明确提供两种百分比基数
PASS 04 富文本备注编辑入口不删除原备注输入
PASS 05 工具栏收进更多后原导出流程仍可用；设置入口始终保留
PASS 06 映射文字应用、筛选与导出使用同一编码，重载仍保留
PASS 07 映射重复值不能应用，取消不覆盖原设置
PASS 08 高级数字格式显示缩放、精度和分组，原值保持不变
PASS 09 数字列筛选按显示单位比较且错误区间不会应用
PASS 10 关闭生效中列筛选需要确认并清除，不删除顶部查询
PASS 11 富文本编辑、颜色、撤销重做、保存和重新打开
PASS 12 富文本粘贴清洗危险元素，保存纯文本与样式一致
PASS 13 富文本超长不静默截断，关闭可放弃草稿
PASS 14 列模板插入字段并预览，应用不改原项目和客户
PASS 15 组合筛选两条规则可独立修改且保存使用原始字段
PASS 16 Excel实际下载包含映射显示值和原值两列
PASS 17 分组汇总只读展示完整结果，组标题不参与数据操作
PASS 18 记录对比只看差异且不修改记录
PASS 19 条件标记三条大额记录，不改变原有状态
PASS 20 设置历史可恢复上一次列名且保留新旧设置入口
PASS 21 区域选择金额统计独立于整行批量选择
PASS 22 富文本已染色文字可以再次改色，不被旧嵌套样式覆盖
PASS 23 富文本裸文本可以设置对齐并保存列表
PASS 24 复杂粘贴被拒绝且保留原文，不抛出页面错误
RESULT 24/24 passed
